// Jest Snapshot v1, https://goo.gl/fbAQLP

exports[`<Square /> test Should render game square 1`] = `
<div>
  <button />
</div>
`;
