// Jest Snapshot v1, https://goo.gl/fbAQLP

exports[`<Tictactoe /> test Should render Tictactoe 1`] = `
<div
  className="ttt-wrapper"
>
  <Header
    playerTurn="Player 1"
  />
  <Board
    boardState={
      Array [
        Array [
          1,
          2,
          3,
        ],
        Array [
          4,
          5,
          6,
        ],
        Array [
          7,
          8,
          9,
        ],
      ]
    }
    handleWinner={[Function]}
  />
  <Footer
    handleFinish={[Function]}
    playerTurn="Player 1"
    selectionCount={1}
    winner={false}
  />
</div>
`;
